// Jest Snapshot v1, https://goo.gl/fbAQLP

exports[`Gotham should render 1`] = `
Array [
  <div />,
  <div
    className="MuiGrid-container-1"
  >
    <div
      className="routeWrapper"
    >
      <div
        style={
          Object {
            "opacity": 1,
          }
        }
      />
    </div>
  </div>,
]
`;
