// Jest Snapshot v1, https://goo.gl/fbAQLP

exports[`LoginView should match snapshot 1`] = `
<div
  className="PageViewBase-view-9"
>
  <div
    className="PageViewBase-toolbar-8"
  />
  <div
    className="container"
  >
    <div
      className="row"
    >
      <div
        className="col"
      >
        <div
          className="PageViewBase-title-7"
        >
          <h1
            className="MuiTypography-root-10 MuiTypography-display4-11"
          >
            Login
          </h1>
        </div>
      </div>
    </div>
    <div
      className="row"
    >
      <div
        className="col"
      >
        <div
          className="text-center"
        >
          <h1>
            Welcome Back
          </h1>
          <p
            className="subtitle"
          >
            Welcome back sign-in now there is lot of new stuff waiting for you.
          </p>
        </div>
      </div>
    </div>
    <div
      className="row"
    >
      <div
        className="col"
      >
        <div
          className="MuiPaper-root-36 MuiPaper-elevation1-39 MuiPaper-rounded-37 MuiCard-root-35 LoginViewBase-card-4"
        >
          <div
            className="MuiCardContent-root-63"
          >
            <form
              className="FormBase-form-64"
              onSubmit={[Function]}
            >
              <div
                className="MuiGrid-container-65 MuiGrid-direction-xs-column-68 MuiGrid-wrap-xs-nowrap-71"
              >
                <div
                  className="MuiGrid-item-66 MuiGrid-grid-xs-12-105"
                  style={
                    Object {
                      "marginBottom": 15,
                    }
                  }
                >
                  <div
                    className="MuiFormControl-root-162"
                  >
                    <label
                      className="MuiFormLabel-root-171 MuiInputLabel-root-166 MuiInputLabel-formControl-167 MuiInputLabel-animated-170"
                      data-shrink={false}
                    >
                      Username
                    </label>
                    <div
                      className="MuiInput-root-178 MuiInput-formControl-179 MuiInput-underline-182"
                    >
                      <input
                        aria-invalid={false}
                        className="MuiInput-input-186"
                        disabled={false}
                        name="username"
                        onBlur={[Function]}
                        onChange={[Function]}
                        onFocus={[Function]}
                        required={false}
                        type="text"
                        value=""
                      />
                    </div>
                  </div>
                </div>
                <div
                  className="MuiGrid-item-66 MuiGrid-grid-xs-12-105"
                  style={
                    Object {
                      "marginBottom": 15,
                    }
                  }
                >
                  <div
                    className="MuiFormControl-root-162"
                  >
                    <label
                      className="MuiFormLabel-root-171 MuiInputLabel-root-166 MuiInputLabel-formControl-167 MuiInputLabel-animated-170"
                      data-shrink={false}
                    >
                      Password
                    </label>
                    <div
                      className="MuiInput-root-178 MuiInput-formControl-179 MuiInput-underline-182"
                    >
                      <input
                        aria-invalid={false}
                        className="MuiInput-input-186 MuiInput-inputType-189"
                        disabled={false}
                        name="password"
                        onBlur={[Function]}
                        onChange={[Function]}
                        onFocus={[Function]}
                        required={false}
                        type="password"
                        value=""
                      />
                    </div>
                  </div>
                </div>
                <div
                  className="MuiGrid-container-65 LoginViewBase-buttonBox-1"
                >
                  <div
                    className="MuiGrid-item-66 MuiGrid-grid-xs-12-105 LoginViewBase-buttonRowLeft-2"
                  >
                    <p
                      className="LoginViewBase-forgot-5"
                    >
                      Forgot password?
                    </p>
                  </div>
                  <div
                    className="MuiGrid-item-66 MuiGrid-grid-xs-12-105 LoginViewBase-buttonRowRight-3"
                  >
                    <button
                      className="MuiButtonBase-root-217 MuiButton-root-191 MuiButton-text-193 MuiButton-flat-196 MuiButton-sizeLarge-215"
                      disabled={false}
                      onBlur={[Function]}
                      onClick={[Function]}
                      onFocus={[Function]}
                      onKeyDown={[Function]}
                      onKeyUp={[Function]}
                      onMouseDown={[Function]}
                      onMouseLeave={[Function]}
                      onMouseUp={[Function]}
                      onTouchEnd={[Function]}
                      onTouchMove={[Function]}
                      onTouchStart={[Function]}
                      tabIndex="0"
                      type="button"
                    >
                      <span
                        className="MuiButton-label-192"
                      >
                        Create new account
                      </span>
                      <span
                        className="MuiTouchRipple-root-220"
                      />
                    </button>
                    <button
                      className="MuiButtonBase-root-217 MuiButton-root-191 MuiButton-contained-202 MuiButton-containedPrimary-203 MuiButton-raised-205 MuiButton-raisedPrimary-206 MuiButton-sizeLarge-215"
                      disabled={false}
                      onBlur={[Function]}
                      onFocus={[Function]}
                      onKeyDown={[Function]}
                      onKeyUp={[Function]}
                      onMouseDown={[Function]}
                      onMouseLeave={[Function]}
                      onMouseUp={[Function]}
                      onTouchEnd={[Function]}
                      onTouchMove={[Function]}
                      onTouchStart={[Function]}
                      tabIndex="0"
                      type="submit"
                    >
                      <span
                        className="MuiButton-label-192"
                      >
                        Sign in
                      </span>
                      <span
                        className="MuiTouchRipple-root-220"
                      />
                    </button>
                  </div>
                </div>
              </div>
            </form>
          </div>
        </div>
      </div>
    </div>
  </div>
</div>
`;
